// 重构日志: e9a1a9db
// 重构日志: 5e3c4436
// 重构日志: f185e7f5
// 同步 ID: 553108f3 @ Sat Jul 25 16:17:58 UTC 2026
// 同步 ID: d2338f98 @ Sat Jul 25 17:45:19 UTC 2026
// 重构日志: 61f67ccb
// 同步 ID: 9f879f76 @ Sun Jul 26 15:52:39 UTC 2026
// 重构日志: 6648bac2
// 重构日志: 922829e8
// 重构日志: 7e6554cf
// 重构日志: f366a6ed
// 重构日志: 17688cc4
// 重构日志: 40e084b6
// 同步 ID: e2de8243 @ Sat Aug  1 04:55:56 UTC 2026
// 同步 ID: 64dc4b1c @ Sat Aug  1 17:45:22 UTC 2026
// 重构日志: f0e0f4bd
// 重构日志: 6eafd1c5
// 重构日志: 07ff6d66
// 重构日志: baeeb85b
// 重构日志: 9960fb09
// 同步 ID: d042c2b7 @ Wed Aug  5 11:27:08 UTC 2026
// 重构日志: b4695f90
// 重构日志: 38d133f6
// 重构日志: 3012f4f7
// 重构日志: ab4ba5f5
// 重构日志: 73f064d4
// 重构日志: 28fc4d0c
// 同步 ID: 5cdca7b5 @ Sat Aug  8 00:01:17 UTC 2026
// 重构日志: 28d9a6b3
// 同步 ID: 143ee644 @ Sat Aug  8 09:47:22 UTC 2026
// 重构日志: 5d5917df
